[2024-02-13T22:59:59.411+0100][0.006s] Using G1
[2024-02-13T22:59:59.465+0100][0.059s] Version: 17.0.7+7 (release)
[2024-02-13T22:59:59.465+0100][0.059s] CPUs: 12 total, 12 available
[2024-02-13T22:59:59.465+0100][0.059s] Memory: 16384M
[2024-02-13T22:59:59.465+0100][0.059s] Large Page Support: Disabled
[2024-02-13T22:59:59.465+0100][0.059s] NUMA Support: Disabled
[2024-02-13T22:59:59.465+0100][0.059s] Compressed Oops: Enabled (Zero based)
[2024-02-13T22:59:59.465+0100][0.059s] Heap Region Size: 1M
[2024-02-13T22:59:59.465+0100][0.059s] Heap Min Capacity: 512M
[2024-02-13T22:59:59.465+0100][0.059s] Heap Initial Capacity: 512M
[2024-02-13T22:59:59.465+0100][0.059s] Heap Max Capacity: 512M
[2024-02-13T22:59:59.465+0100][0.059s] Pre-touch: Enabled
[2024-02-13T22:59:59.465+0100][0.059s] Parallel Workers: 10
[2024-02-13T22:59:59.465+0100][0.059s] Concurrent Workers: 3
[2024-02-13T22:59:59.465+0100][0.059s] Concurrent Refinement Workers: 10
[2024-02-13T22:59:59.465+0100][0.059s] Periodic GC: Disabled
[2024-02-13T22:59:59.465+0100][0.059s] CDS archive(s) not mapped
[2024-02-13T22:59:59.465+0100][0.059s] Compressed class space mapped at: 0x0000000800000000-0x0000000840000000, reserved size: 1073741824
[2024-02-13T22:59:59.465+0100][0.059s] Narrow klass base: 0x0000000800000000, Narrow klass shift: 0, Narrow klass range: 0x40000000
[2024-02-13T23:00:00.047+0100][0.642s] GC(0) Pause Young (Normal) (G1 Evacuation Pause)
[2024-02-13T23:00:00.048+0100][0.642s] GC(0) Using 10 workers of 10 for evacuation
[2024-02-13T23:00:00.050+0100][0.644s] GC(0)   Pre Evacuate Collection Set: 0.1ms
[2024-02-13T23:00:00.050+0100][0.644s] GC(0)   Merge Heap Roots: 0.0ms
[2024-02-13T23:00:00.050+0100][0.644s] GC(0)   Evacuate Collection Set: 1.5ms
[2024-02-13T23:00:00.050+0100][0.644s] GC(0)   Post Evacuate Collection Set: 0.2ms
[2024-02-13T23:00:00.050+0100][0.644s] GC(0)   Other: 0.4ms
[2024-02-13T23:00:00.050+0100][0.644s] GC(0) Eden regions: 29->0(41)
[2024-02-13T23:00:00.050+0100][0.644s] GC(0) Survivor regions: 0->4(4)
[2024-02-13T23:00:00.050+0100][0.644s] GC(0) Old regions: 0->1
[2024-02-13T23:00:00.050+0100][0.644s] GC(0) Archive regions: 0->0
[2024-02-13T23:00:00.050+0100][0.644s] GC(0) Humongous regions: 0->0
[2024-02-13T23:00:00.050+0100][0.644s] GC(0) Metaspace: 17093K(17344K)->17093K(17344K) NonClass: 15293K(15424K)->15293K(15424K) Class: 1800K(1920K)->1800K(1920K)
[2024-02-13T23:00:00.050+0100][0.644s] GC(0) Pause Young (Normal) (G1 Evacuation Pause) 29M->4M(512M) 2.366ms
[2024-02-13T23:00:00.050+0100][0.644s] GC(0) User=0.01s Sys=0.00s Real=0.01s
[2024-02-13T23:00:00.153+0100][0.747s] GC(1) Pause Young (Concurrent Start) (Metadata GC Threshold)
[2024-02-13T23:00:00.153+0100][0.747s] GC(1) Using 10 workers of 10 for evacuation
[2024-02-13T23:00:00.156+0100][0.750s] GC(1)   Pre Evacuate Collection Set: 0.1ms
[2024-02-13T23:00:00.156+0100][0.750s] GC(1)   Merge Heap Roots: 0.0ms
[2024-02-13T23:00:00.156+0100][0.750s] GC(1)   Evacuate Collection Set: 3.0ms
[2024-02-13T23:00:00.156+0100][0.750s] GC(1)   Post Evacuate Collection Set: 0.2ms
[2024-02-13T23:00:00.156+0100][0.750s] GC(1)   Other: 0.1ms
[2024-02-13T23:00:00.156+0100][0.750s] GC(1) Eden regions: 16->0(59)
[2024-02-13T23:00:00.156+0100][0.750s] GC(1) Survivor regions: 4->6(6)
[2024-02-13T23:00:00.156+0100][0.750s] GC(1) Old regions: 1->6
[2024-02-13T23:00:00.156+0100][0.750s] GC(1) Archive regions: 0->0
[2024-02-13T23:00:00.156+0100][0.750s] GC(1) Humongous regions: 4->4
[2024-02-13T23:00:00.156+0100][0.750s] GC(1) Metaspace: 21261K(21504K)->21261K(21504K) NonClass: 18955K(19072K)->18955K(19072K) Class: 2305K(2432K)->2305K(2432K)
[2024-02-13T23:00:00.156+0100][0.750s] GC(1) Pause Young (Concurrent Start) (Metadata GC Threshold) 24M->15M(512M) 3.429ms
[2024-02-13T23:00:00.156+0100][0.750s] GC(1) User=0.02s Sys=0.01s Real=0.00s
[2024-02-13T23:00:00.156+0100][0.750s] GC(2) Concurrent Mark Cycle
[2024-02-13T23:00:00.156+0100][0.750s] GC(2) Concurrent Clear Claimed Marks
[2024-02-13T23:00:00.156+0100][0.750s] GC(2) Concurrent Clear Claimed Marks 0.008ms
[2024-02-13T23:00:00.156+0100][0.750s] GC(2) Concurrent Scan Root Regions
[2024-02-13T23:00:00.157+0100][0.751s] GC(2) Concurrent Scan Root Regions 1.267ms
[2024-02-13T23:00:00.157+0100][0.751s] GC(2) Concurrent Mark
[2024-02-13T23:00:00.157+0100][0.751s] GC(2) Concurrent Mark From Roots
[2024-02-13T23:00:00.157+0100][0.751s] GC(2) Using 3 workers of 3 for marking
[2024-02-13T23:00:00.158+0100][0.752s] GC(2) Concurrent Mark From Roots 0.331ms
[2024-02-13T23:00:00.158+0100][0.752s] GC(2) Concurrent Preclean
[2024-02-13T23:00:00.158+0100][0.752s] GC(2) Concurrent Preclean 0.017ms
[2024-02-13T23:00:00.158+0100][0.752s] GC(2) Pause Remark
[2024-02-13T23:00:00.158+0100][0.752s] GC(2) Pause Remark 16M->16M(512M) 0.485ms
[2024-02-13T23:00:00.158+0100][0.752s] GC(2) User=0.01s Sys=0.00s Real=0.00s
[2024-02-13T23:00:00.158+0100][0.752s] GC(2) Concurrent Mark 0.975ms
[2024-02-13T23:00:00.158+0100][0.752s] GC(2) Concurrent Rebuild Remembered Sets
[2024-02-13T23:00:00.158+0100][0.752s] GC(2) Concurrent Rebuild Remembered Sets 0.006ms
[2024-02-13T23:00:00.158+0100][0.753s] GC(2) Pause Cleanup
[2024-02-13T23:00:00.158+0100][0.753s] GC(2) Pause Cleanup 16M->16M(512M) 0.010ms
[2024-02-13T23:00:00.158+0100][0.753s] GC(2) User=0.00s Sys=0.00s Real=0.00s
[2024-02-13T23:00:00.158+0100][0.753s] GC(2) Concurrent Cleanup for Next Mark
[2024-02-13T23:00:00.159+0100][0.753s] GC(2) Concurrent Cleanup for Next Mark 0.287ms
[2024-02-13T23:00:00.159+0100][0.753s] GC(2) Concurrent Mark Cycle 2.819ms
[2024-02-13T23:00:00.436+0100][1.031s] GC(3) Pause Young (Normal) (G1 Evacuation Pause)
[2024-02-13T23:00:00.436+0100][1.031s] GC(3) Using 10 workers of 10 for evacuation
[2024-02-13T23:00:00.438+0100][1.032s] GC(3)   Pre Evacuate Collection Set: 0.1ms
[2024-02-13T23:00:00.438+0100][1.032s] GC(3)   Merge Heap Roots: 0.1ms
[2024-02-13T23:00:00.438+0100][1.032s] GC(3)   Evacuate Collection Set: 1.5ms
[2024-02-13T23:00:00.438+0100][1.032s] GC(3)   Post Evacuate Collection Set: 0.2ms
[2024-02-13T23:00:00.438+0100][1.032s] GC(3)   Other: 0.1ms
[2024-02-13T23:00:00.438+0100][1.032s] GC(3) Eden regions: 59->0(117)
[2024-02-13T23:00:00.438+0100][1.032s] GC(3) Survivor regions: 6->5(9)
[2024-02-13T23:00:00.438+0100][1.032s] GC(3) Old regions: 6->13
[2024-02-13T23:00:00.438+0100][1.032s] GC(3) Archive regions: 0->0
[2024-02-13T23:00:00.438+0100][1.032s] GC(3) Humongous regions: 4->4
[2024-02-13T23:00:00.438+0100][1.033s] GC(3) Metaspace: 27557K(27840K)->27557K(27840K) NonClass: 24543K(24704K)->24543K(24704K) Class: 3013K(3136K)->3013K(3136K)
[2024-02-13T23:00:00.438+0100][1.033s] GC(3) Pause Young (Normal) (G1 Evacuation Pause) 74M->20M(512M) 1.985ms
[2024-02-13T23:00:00.438+0100][1.033s] GC(3) User=0.02s Sys=0.00s Real=0.00s
[2024-02-13T23:00:00.836+0100][1.430s] GC(4) Pause Young (Concurrent Start) (Metadata GC Threshold)
[2024-02-13T23:00:00.836+0100][1.430s] GC(4) Using 10 workers of 10 for evacuation
[2024-02-13T23:00:00.838+0100][1.432s] GC(4)   Pre Evacuate Collection Set: 0.1ms
[2024-02-13T23:00:00.838+0100][1.432s] GC(4)   Merge Heap Roots: 0.0ms
[2024-02-13T23:00:00.838+0100][1.432s] GC(4)   Evacuate Collection Set: 1.4ms
[2024-02-13T23:00:00.838+0100][1.432s] GC(4)   Post Evacuate Collection Set: 0.2ms
[2024-02-13T23:00:00.838+0100][1.432s] GC(4)   Other: 0.1ms
[2024-02-13T23:00:00.838+0100][1.432s] GC(4) Eden regions: 88->0(297)
[2024-02-13T23:00:00.838+0100][1.432s] GC(4) Survivor regions: 5->10(16)
[2024-02-13T23:00:00.838+0100][1.432s] GC(4) Old regions: 13->13
[2024-02-13T23:00:00.838+0100][1.432s] GC(4) Archive regions: 0->0
[2024-02-13T23:00:00.838+0100][1.432s] GC(4) Humongous regions: 5->4
[2024-02-13T23:00:00.838+0100][1.432s] GC(4) Metaspace: 35861K(36160K)->35861K(36160K) NonClass: 31832K(32000K)->31832K(32000K) Class: 4029K(4160K)->4029K(4160K)
[2024-02-13T23:00:00.838+0100][1.432s] GC(4) Pause Young (Concurrent Start) (Metadata GC Threshold) 109M->25M(512M) 1.856ms
[2024-02-13T23:00:00.838+0100][1.432s] GC(4) User=0.01s Sys=0.00s Real=0.00s
[2024-02-13T23:00:00.838+0100][1.432s] GC(5) Concurrent Mark Cycle
[2024-02-13T23:00:00.838+0100][1.432s] GC(5) Concurrent Clear Claimed Marks
[2024-02-13T23:00:00.838+0100][1.432s] GC(5) Concurrent Clear Claimed Marks 0.025ms
[2024-02-13T23:00:00.838+0100][1.432s] GC(5) Concurrent Scan Root Regions
[2024-02-13T23:00:00.839+0100][1.433s] GC(5) Concurrent Scan Root Regions 0.637ms
[2024-02-13T23:00:00.839+0100][1.433s] GC(5) Concurrent Mark
[2024-02-13T23:00:00.839+0100][1.433s] GC(5) Concurrent Mark From Roots
[2024-02-13T23:00:00.839+0100][1.433s] GC(5) Using 3 workers of 3 for marking
[2024-02-13T23:00:00.842+0100][1.436s] GC(5) Concurrent Mark From Roots 3.156ms
[2024-02-13T23:00:00.842+0100][1.436s] GC(5) Concurrent Preclean
[2024-02-13T23:00:00.842+0100][1.436s] GC(5) Concurrent Preclean 0.031ms
[2024-02-13T23:00:00.842+0100][1.436s] GC(5) Pause Remark
[2024-02-13T23:00:00.843+0100][1.437s] GC(5) Pause Remark 27M->27M(512M) 0.739ms
[2024-02-13T23:00:00.843+0100][1.437s] GC(5) User=0.00s Sys=0.00s Real=0.00s
[2024-02-13T23:00:00.843+0100][1.437s] GC(5) Concurrent Mark 4.058ms
[2024-02-13T23:00:00.843+0100][1.437s] GC(5) Concurrent Rebuild Remembered Sets
[2024-02-13T23:00:00.845+0100][1.439s] GC(5) Concurrent Rebuild Remembered Sets 1.873ms
[2024-02-13T23:00:00.845+0100][1.439s] GC(5) Pause Cleanup
[2024-02-13T23:00:00.845+0100][1.439s] GC(5) Pause Cleanup 27M->27M(512M) 0.064ms
[2024-02-13T23:00:00.845+0100][1.439s] GC(5) User=0.00s Sys=0.00s Real=0.00s
[2024-02-13T23:00:00.845+0100][1.439s] GC(5) Concurrent Cleanup for Next Mark
[2024-02-13T23:00:00.845+0100][1.439s] GC(5) Concurrent Cleanup for Next Mark 0.317ms
[2024-02-13T23:00:00.845+0100][1.439s] GC(5) Concurrent Mark Cycle 7.109ms
[2024-02-13T23:08:24.817+0100][505.412s] GC(6) Pause Young (Prepare Mixed) (Metadata GC Threshold)
[2024-02-13T23:08:24.817+0100][505.412s] GC(6) Using 10 workers of 10 for evacuation
[2024-02-13T23:08:24.823+0100][505.418s] GC(6)   Pre Evacuate Collection Set: 0.1ms
[2024-02-13T23:08:24.823+0100][505.418s] GC(6)   Merge Heap Roots: 0.1ms
[2024-02-13T23:08:24.823+0100][505.418s] GC(6)   Evacuate Collection Set: 5.4ms
[2024-02-13T23:08:24.823+0100][505.418s] GC(6)   Post Evacuate Collection Set: 0.5ms
[2024-02-13T23:08:24.823+0100][505.418s] GC(6)   Other: 0.1ms
[2024-02-13T23:08:24.823+0100][505.418s] GC(6) Eden regions: 213->0(1)
[2024-02-13T23:08:24.823+0100][505.418s] GC(6) Survivor regions: 10->24(39)
[2024-02-13T23:08:24.823+0100][505.418s] GC(6) Old regions: 13->13
[2024-02-13T23:08:24.823+0100][505.419s] GC(6) Archive regions: 0->0
[2024-02-13T23:08:24.823+0100][505.419s] GC(6) Humongous regions: 4->4
[2024-02-13T23:08:24.823+0100][505.419s] GC(6) Metaspace: 60236K(60608K)->60236K(60608K) NonClass: 53198K(53376K)->53198K(53376K) Class: 7038K(7232K)->7038K(7232K)
[2024-02-13T23:08:24.823+0100][505.419s] GC(6) Pause Young (Prepare Mixed) (Metadata GC Threshold) 238M->39M(512M) 6.258ms
[2024-02-13T23:08:24.823+0100][505.419s] GC(6) User=0.04s Sys=0.01s Real=0.01s
[2024-02-13T23:08:24.830+0100][505.426s] GC(7) Pause Young (Mixed) (G1 Evacuation Pause)
[2024-02-13T23:08:24.830+0100][505.426s] GC(7) Using 10 workers of 10 for evacuation
[2024-02-13T23:08:24.839+0100][505.434s] GC(7)   Pre Evacuate Collection Set: 0.1ms
[2024-02-13T23:08:24.839+0100][505.434s] GC(7)   Merge Heap Roots: 0.0ms
[2024-02-13T23:08:24.839+0100][505.434s] GC(7)   Evacuate Collection Set: 7.8ms
[2024-02-13T23:08:24.839+0100][505.434s] GC(7)   Post Evacuate Collection Set: 0.3ms
[2024-02-13T23:08:24.839+0100][505.434s] GC(7)   Other: 0.1ms
[2024-02-13T23:08:24.839+0100][505.434s] GC(7) Eden regions: 1->0(304)
[2024-02-13T23:08:24.839+0100][505.434s] GC(7) Survivor regions: 24->3(4)
[2024-02-13T23:08:24.839+0100][505.434s] GC(7) Old regions: 13->36
[2024-02-13T23:08:24.839+0100][505.434s] GC(7) Archive regions: 0->0
[2024-02-13T23:08:24.839+0100][505.434s] GC(7) Humongous regions: 4->4
[2024-02-13T23:08:24.839+0100][505.434s] GC(7) Metaspace: 60385K(60736K)->60385K(60736K) NonClass: 53323K(53504K)->53323K(53504K) Class: 7061K(7232K)->7061K(7232K)
[2024-02-13T23:08:24.839+0100][505.434s] GC(7) Pause Young (Mixed) (G1 Evacuation Pause) 40M->42M(512M) 8.338ms
[2024-02-13T23:08:24.839+0100][505.434s] GC(7) User=0.03s Sys=0.03s Real=0.00s
[2024-02-13T23:08:24.846+0100][505.441s] GC(8) Pause Young (Concurrent Start) (Metadata GC Threshold)
[2024-02-13T23:08:24.846+0100][505.442s] GC(8) Using 10 workers of 10 for evacuation
[2024-02-13T23:08:24.847+0100][505.442s] GC(8)   Pre Evacuate Collection Set: 0.1ms
[2024-02-13T23:08:24.847+0100][505.442s] GC(8)   Merge Heap Roots: 0.0ms
[2024-02-13T23:08:24.847+0100][505.442s] GC(8)   Evacuate Collection Set: 0.3ms
[2024-02-13T23:08:24.847+0100][505.442s] GC(8)   Post Evacuate Collection Set: 0.1ms
[2024-02-13T23:08:24.847+0100][505.442s] GC(8)   Other: 0.1ms
[2024-02-13T23:08:24.847+0100][505.442s] GC(8) Eden regions: 1->0(306)
[2024-02-13T23:08:24.847+0100][505.442s] GC(8) Survivor regions: 3->1(39)
[2024-02-13T23:08:24.847+0100][505.442s] GC(8) Old regions: 36->36
[2024-02-13T23:08:24.847+0100][505.442s] GC(8) Archive regions: 0->0
[2024-02-13T23:08:24.847+0100][505.442s] GC(8) Humongous regions: 4->4
[2024-02-13T23:08:24.847+0100][505.442s] GC(8) Metaspace: 60542K(60928K)->60542K(60928K) NonClass: 53458K(53632K)->53458K(53632K) Class: 7083K(7296K)->7083K(7296K)
[2024-02-13T23:08:24.847+0100][505.442s] GC(8) Pause Young (Concurrent Start) (Metadata GC Threshold) 43M->40M(512M) 0.685ms
[2024-02-13T23:08:24.847+0100][505.442s] GC(8) User=0.00s Sys=0.00s Real=0.00s
[2024-02-13T23:08:24.847+0100][505.442s] GC(9) Concurrent Mark Cycle
[2024-02-13T23:08:24.847+0100][505.442s] GC(9) Concurrent Clear Claimed Marks
[2024-02-13T23:08:24.847+0100][505.442s] GC(9) Concurrent Clear Claimed Marks 0.008ms
[2024-02-13T23:08:24.847+0100][505.442s] GC(9) Concurrent Scan Root Regions
[2024-02-13T23:08:24.848+0100][505.443s] GC(9) Concurrent Scan Root Regions 0.408ms
[2024-02-13T23:08:24.848+0100][505.443s] GC(9) Concurrent Mark
[2024-02-13T23:08:24.848+0100][505.443s] GC(9) Concurrent Mark From Roots
[2024-02-13T23:08:24.848+0100][505.443s] GC(9) Using 3 workers of 3 for marking
[2024-02-13T23:08:24.855+0100][505.450s] GC(9) Concurrent Mark From Roots 7.027ms
[2024-02-13T23:08:24.855+0100][505.450s] GC(9) Concurrent Preclean
[2024-02-13T23:08:24.855+0100][505.450s] GC(9) Concurrent Preclean 0.312ms
[2024-02-13T23:08:24.855+0100][505.450s] GC(9) Pause Remark
[2024-02-13T23:08:24.861+0100][505.456s] GC(9) Pause Remark 41M->41M(512M) 5.673ms
[2024-02-13T23:08:24.861+0100][505.456s] GC(9) User=0.03s Sys=0.02s Real=0.01s
[2024-02-13T23:08:24.861+0100][505.456s] GC(9) Concurrent Mark 13.156ms
[2024-02-13T23:08:24.861+0100][505.456s] GC(9) Concurrent Rebuild Remembered Sets
[2024-02-13T23:08:24.865+0100][505.460s] GC(9) Concurrent Rebuild Remembered Sets 4.652ms
[2024-02-13T23:08:24.865+0100][505.461s] GC(9) Pause Cleanup
[2024-02-13T23:08:24.866+0100][505.461s] GC(9) Pause Cleanup 42M->42M(512M) 0.083ms
[2024-02-13T23:08:24.866+0100][505.461s] GC(9) User=0.00s Sys=0.00s Real=0.00s
[2024-02-13T23:08:24.866+0100][505.461s] GC(9) Concurrent Cleanup for Next Mark
[2024-02-13T23:08:24.866+0100][505.461s] GC(9) Concurrent Cleanup for Next Mark 0.267ms
[2024-02-13T23:08:24.866+0100][505.461s] GC(9) Concurrent Mark Cycle 18.752ms
