[2024-02-17T14:06:58.381+0100][0.004s] Using G1
[2024-02-17T14:06:58.487+0100][0.111s] Version: 17.0.7+7 (release)
[2024-02-17T14:06:58.487+0100][0.111s] CPUs: 12 total, 12 available
[2024-02-17T14:06:58.487+0100][0.111s] Memory: 16384M
[2024-02-17T14:06:58.487+0100][0.111s] Large Page Support: Disabled
[2024-02-17T14:06:58.487+0100][0.111s] NUMA Support: Disabled
[2024-02-17T14:06:58.487+0100][0.111s] Compressed Oops: Enabled (Zero based)
[2024-02-17T14:06:58.487+0100][0.111s] Heap Region Size: 1M
[2024-02-17T14:06:58.487+0100][0.111s] Heap Min Capacity: 512M
[2024-02-17T14:06:58.487+0100][0.111s] Heap Initial Capacity: 512M
[2024-02-17T14:06:58.487+0100][0.111s] Heap Max Capacity: 512M
[2024-02-17T14:06:58.487+0100][0.111s] Pre-touch: Enabled
[2024-02-17T14:06:58.487+0100][0.111s] Parallel Workers: 10
[2024-02-17T14:06:58.487+0100][0.111s] Concurrent Workers: 3
[2024-02-17T14:06:58.487+0100][0.111s] Concurrent Refinement Workers: 10
[2024-02-17T14:06:58.487+0100][0.111s] Periodic GC: Disabled
[2024-02-17T14:06:58.487+0100][0.111s] CDS archive(s) not mapped
[2024-02-17T14:06:58.487+0100][0.111s] Compressed class space mapped at: 0x0000000800000000-0x0000000840000000, reserved size: 1073741824
[2024-02-17T14:06:58.487+0100][0.111s] Narrow klass base: 0x0000000800000000, Narrow klass shift: 0, Narrow klass range: 0x40000000
[2024-02-17T14:06:58.818+0100][0.442s] GC(0) Pause Young (Normal) (G1 Evacuation Pause)
[2024-02-17T14:06:58.818+0100][0.442s] GC(0) Using 10 workers of 10 for evacuation
[2024-02-17T14:06:58.821+0100][0.444s] GC(0)   Pre Evacuate Collection Set: 0.1ms
[2024-02-17T14:06:58.821+0100][0.444s] GC(0)   Merge Heap Roots: 0.0ms
[2024-02-17T14:06:58.821+0100][0.444s] GC(0)   Evacuate Collection Set: 1.7ms
[2024-02-17T14:06:58.821+0100][0.444s] GC(0)   Post Evacuate Collection Set: 0.2ms
[2024-02-17T14:06:58.821+0100][0.444s] GC(0)   Other: 0.4ms
[2024-02-17T14:06:58.821+0100][0.444s] GC(0) Eden regions: 29->0(41)
[2024-02-17T14:06:58.821+0100][0.444s] GC(0) Survivor regions: 0->4(4)
[2024-02-17T14:06:58.821+0100][0.444s] GC(0) Old regions: 0->1
[2024-02-17T14:06:58.821+0100][0.444s] GC(0) Archive regions: 0->0
[2024-02-17T14:06:58.821+0100][0.444s] GC(0) Humongous regions: 0->0
[2024-02-17T14:06:58.821+0100][0.444s] GC(0) Metaspace: 16994K(17216K)->16994K(17216K) NonClass: 15201K(15360K)->15201K(15360K) Class: 1792K(1856K)->1792K(1856K)
[2024-02-17T14:06:58.821+0100][0.444s] GC(0) Pause Young (Normal) (G1 Evacuation Pause) 29M->4M(512M) 2.502ms
[2024-02-17T14:06:58.821+0100][0.444s] GC(0) User=0.01s Sys=0.01s Real=0.01s
[2024-02-17T14:06:58.917+0100][0.541s] GC(1) Pause Young (Concurrent Start) (Metadata GC Threshold)
[2024-02-17T14:06:58.917+0100][0.541s] GC(1) Using 10 workers of 10 for evacuation
[2024-02-17T14:06:58.921+0100][0.544s] GC(1)   Pre Evacuate Collection Set: 0.1ms
[2024-02-17T14:06:58.921+0100][0.544s] GC(1)   Merge Heap Roots: 0.0ms
[2024-02-17T14:06:58.921+0100][0.544s] GC(1)   Evacuate Collection Set: 3.5ms
[2024-02-17T14:06:58.921+0100][0.544s] GC(1)   Post Evacuate Collection Set: 0.2ms
[2024-02-17T14:06:58.921+0100][0.544s] GC(1)   Other: 0.1ms
[2024-02-17T14:06:58.921+0100][0.544s] GC(1) Eden regions: 17->0(58)
[2024-02-17T14:06:58.921+0100][0.544s] GC(1) Survivor regions: 4->6(6)
[2024-02-17T14:06:58.921+0100][0.544s] GC(1) Old regions: 1->6
[2024-02-17T14:06:58.921+0100][0.544s] GC(1) Archive regions: 0->0
[2024-02-17T14:06:58.921+0100][0.544s] GC(1) Humongous regions: 4->4
[2024-02-17T14:06:58.921+0100][0.544s] GC(1) Metaspace: 21258K(21504K)->21258K(21504K) NonClass: 18949K(19072K)->18949K(19072K) Class: 2308K(2432K)->2308K(2432K)
[2024-02-17T14:06:58.921+0100][0.544s] GC(1) Pause Young (Concurrent Start) (Metadata GC Threshold) 24M->15M(512M) 3.898ms
[2024-02-17T14:06:58.921+0100][0.544s] GC(1) User=0.03s Sys=0.00s Real=0.01s
[2024-02-17T14:06:58.921+0100][0.544s] GC(2) Concurrent Mark Cycle
[2024-02-17T14:06:58.921+0100][0.544s] GC(2) Concurrent Clear Claimed Marks
[2024-02-17T14:06:58.921+0100][0.544s] GC(2) Concurrent Clear Claimed Marks 0.008ms
[2024-02-17T14:06:58.921+0100][0.544s] GC(2) Concurrent Scan Root Regions
[2024-02-17T14:06:58.922+0100][0.546s] GC(2) Concurrent Scan Root Regions 1.285ms
[2024-02-17T14:06:58.922+0100][0.546s] GC(2) Concurrent Mark
[2024-02-17T14:06:58.922+0100][0.546s] GC(2) Concurrent Mark From Roots
[2024-02-17T14:06:58.922+0100][0.546s] GC(2) Using 3 workers of 3 for marking
[2024-02-17T14:06:58.922+0100][0.546s] GC(2) Concurrent Mark From Roots 0.320ms
[2024-02-17T14:06:58.922+0100][0.546s] GC(2) Concurrent Preclean
[2024-02-17T14:06:58.922+0100][0.546s] GC(2) Concurrent Preclean 0.014ms
[2024-02-17T14:06:58.922+0100][0.546s] GC(2) Pause Remark
[2024-02-17T14:06:58.923+0100][0.547s] GC(2) Pause Remark 16M->16M(512M) 0.547ms
[2024-02-17T14:06:58.923+0100][0.547s] GC(2) User=0.00s Sys=0.00s Real=0.00s
[2024-02-17T14:06:58.923+0100][0.547s] GC(2) Concurrent Mark 0.982ms
[2024-02-17T14:06:58.923+0100][0.547s] GC(2) Concurrent Rebuild Remembered Sets
[2024-02-17T14:06:58.923+0100][0.547s] GC(2) Concurrent Rebuild Remembered Sets 0.004ms
[2024-02-17T14:06:58.923+0100][0.547s] GC(2) Pause Cleanup
[2024-02-17T14:06:58.923+0100][0.547s] GC(2) Pause Cleanup 16M->16M(512M) 0.006ms
[2024-02-17T14:06:58.923+0100][0.547s] GC(2) User=0.00s Sys=0.00s Real=0.00s
[2024-02-17T14:06:58.923+0100][0.547s] GC(2) Concurrent Cleanup for Next Mark
[2024-02-17T14:06:58.923+0100][0.547s] GC(2) Concurrent Cleanup for Next Mark 0.309ms
[2024-02-17T14:06:58.923+0100][0.547s] GC(2) Concurrent Mark Cycle 2.742ms
[2024-02-17T14:06:59.115+0100][0.739s] GC(3) Pause Young (Normal) (G1 Evacuation Pause)
[2024-02-17T14:06:59.115+0100][0.739s] GC(3) Using 10 workers of 10 for evacuation
[2024-02-17T14:06:59.117+0100][0.741s] GC(3)   Pre Evacuate Collection Set: 0.1ms
[2024-02-17T14:06:59.117+0100][0.741s] GC(3)   Merge Heap Roots: 0.0ms
[2024-02-17T14:06:59.117+0100][0.741s] GC(3)   Evacuate Collection Set: 1.3ms
[2024-02-17T14:06:59.117+0100][0.741s] GC(3)   Post Evacuate Collection Set: 0.2ms
[2024-02-17T14:06:59.117+0100][0.741s] GC(3)   Other: 0.1ms
[2024-02-17T14:06:59.117+0100][0.741s] GC(3) Eden regions: 58->0(120)
[2024-02-17T14:06:59.117+0100][0.741s] GC(3) Survivor regions: 6->4(8)
[2024-02-17T14:06:59.117+0100][0.741s] GC(3) Old regions: 6->13
[2024-02-17T14:06:59.117+0100][0.741s] GC(3) Archive regions: 0->0
[2024-02-17T14:06:59.117+0100][0.741s] GC(3) Humongous regions: 4->4
[2024-02-17T14:06:59.117+0100][0.741s] GC(3) Metaspace: 27475K(27776K)->27475K(27776K) NonClass: 24463K(24640K)->24463K(24640K) Class: 3012K(3136K)->3012K(3136K)
[2024-02-17T14:06:59.117+0100][0.741s] GC(3) Pause Young (Normal) (G1 Evacuation Pause) 73M->19M(512M) 1.734ms
[2024-02-17T14:06:59.117+0100][0.741s] GC(3) User=0.02s Sys=0.00s Real=0.00s
[2024-02-17T14:06:59.439+0100][1.063s] GC(4) Pause Young (Concurrent Start) (Metadata GC Threshold)
[2024-02-17T14:06:59.439+0100][1.063s] GC(4) Using 10 workers of 10 for evacuation
[2024-02-17T14:06:59.441+0100][1.065s] GC(4)   Pre Evacuate Collection Set: 0.1ms
[2024-02-17T14:06:59.441+0100][1.065s] GC(4)   Merge Heap Roots: 0.0ms
[2024-02-17T14:06:59.441+0100][1.065s] GC(4)   Evacuate Collection Set: 1.3ms
[2024-02-17T14:06:59.441+0100][1.065s] GC(4)   Post Evacuate Collection Set: 0.2ms
[2024-02-17T14:06:59.441+0100][1.065s] GC(4)   Other: 0.1ms
[2024-02-17T14:06:59.441+0100][1.065s] GC(4) Eden regions: 102->0(297)
[2024-02-17T14:06:59.441+0100][1.065s] GC(4) Survivor regions: 4->10(16)
[2024-02-17T14:06:59.441+0100][1.065s] GC(4) Old regions: 13->13
[2024-02-17T14:06:59.441+0100][1.065s] GC(4) Archive regions: 0->0
[2024-02-17T14:06:59.441+0100][1.065s] GC(4) Humongous regions: 5->4
[2024-02-17T14:06:59.441+0100][1.065s] GC(4) Metaspace: 36024K(36288K)->36024K(36288K) NonClass: 31966K(32128K)->31966K(32128K) Class: 4058K(4160K)->4058K(4160K)
[2024-02-17T14:06:59.441+0100][1.065s] GC(4) Pause Young (Concurrent Start) (Metadata GC Threshold) 122M->25M(512M) 1.819ms
[2024-02-17T14:06:59.441+0100][1.065s] GC(4) User=0.01s Sys=0.00s Real=0.01s
[2024-02-17T14:06:59.441+0100][1.065s] GC(5) Concurrent Mark Cycle
[2024-02-17T14:06:59.441+0100][1.065s] GC(5) Concurrent Clear Claimed Marks
[2024-02-17T14:06:59.441+0100][1.065s] GC(5) Concurrent Clear Claimed Marks 0.017ms
[2024-02-17T14:06:59.441+0100][1.065s] GC(5) Concurrent Scan Root Regions
[2024-02-17T14:06:59.442+0100][1.066s] GC(5) Concurrent Scan Root Regions 0.747ms
[2024-02-17T14:06:59.442+0100][1.066s] GC(5) Concurrent Mark
[2024-02-17T14:06:59.442+0100][1.066s] GC(5) Concurrent Mark From Roots
[2024-02-17T14:06:59.442+0100][1.066s] GC(5) Using 3 workers of 3 for marking
[2024-02-17T14:06:59.445+0100][1.069s] GC(5) Concurrent Mark From Roots 3.329ms
[2024-02-17T14:06:59.445+0100][1.069s] GC(5) Concurrent Preclean
[2024-02-17T14:06:59.445+0100][1.069s] GC(5) Concurrent Preclean 0.073ms
[2024-02-17T14:06:59.445+0100][1.069s] GC(5) Pause Remark
[2024-02-17T14:06:59.446+0100][1.070s] GC(5) Pause Remark 27M->27M(512M) 0.753ms
[2024-02-17T14:06:59.446+0100][1.070s] GC(5) User=0.01s Sys=0.00s Real=0.00s
[2024-02-17T14:06:59.446+0100][1.070s] GC(5) Concurrent Mark 4.267ms
[2024-02-17T14:06:59.446+0100][1.070s] GC(5) Concurrent Rebuild Remembered Sets
[2024-02-17T14:06:59.448+0100][1.072s] GC(5) Concurrent Rebuild Remembered Sets 1.939ms
[2024-02-17T14:06:59.448+0100][1.072s] GC(5) Pause Cleanup
[2024-02-17T14:06:59.448+0100][1.072s] GC(5) Pause Cleanup 27M->27M(512M) 0.058ms
[2024-02-17T14:06:59.448+0100][1.072s] GC(5) User=0.00s Sys=0.00s Real=0.00s
[2024-02-17T14:06:59.448+0100][1.072s] GC(5) Concurrent Cleanup for Next Mark
[2024-02-17T14:06:59.449+0100][1.072s] GC(5) Concurrent Cleanup for Next Mark 0.333ms
[2024-02-17T14:06:59.449+0100][1.072s] GC(5) Concurrent Mark Cycle 7.541ms
[2024-02-17T14:07:38.688+0100][40.312s] GC(6) Pause Young (Prepare Mixed) (Metadata GC Threshold)
[2024-02-17T14:07:38.688+0100][40.313s] GC(6) Using 10 workers of 10 for evacuation
[2024-02-17T14:07:38.703+0100][40.327s] GC(6)   Pre Evacuate Collection Set: 0.1ms
[2024-02-17T14:07:38.703+0100][40.327s] GC(6)   Merge Heap Roots: 0.1ms
[2024-02-17T14:07:38.703+0100][40.327s] GC(6)   Evacuate Collection Set: 13.0ms
[2024-02-17T14:07:38.703+0100][40.327s] GC(6)   Post Evacuate Collection Set: 1.1ms
[2024-02-17T14:07:38.703+0100][40.327s] GC(6)   Other: 0.1ms
[2024-02-17T14:07:38.703+0100][40.327s] GC(6) Eden regions: 240->0(1)
[2024-02-17T14:07:38.703+0100][40.327s] GC(6) Survivor regions: 10->31(39)
[2024-02-17T14:07:38.703+0100][40.327s] GC(6) Old regions: 13->13
[2024-02-17T14:07:38.703+0100][40.327s] GC(6) Archive regions: 0->0
[2024-02-17T14:07:38.703+0100][40.327s] GC(6) Humongous regions: 6->4
[2024-02-17T14:07:38.703+0100][40.327s] GC(6) Metaspace: 60657K(61056K)->60657K(61056K) NonClass: 53482K(53696K)->53482K(53696K) Class: 7175K(7360K)->7175K(7360K)
[2024-02-17T14:07:38.703+0100][40.327s] GC(6) Pause Young (Prepare Mixed) (Metadata GC Threshold) 267M->47M(512M) 14.706ms
[2024-02-17T14:07:38.703+0100][40.327s] GC(6) User=0.04s Sys=0.03s Real=0.02s
[2024-02-17T14:07:38.711+0100][40.336s] GC(7) Pause Young (Mixed) (G1 Evacuation Pause)
[2024-02-17T14:07:38.712+0100][40.336s] GC(7) Using 10 workers of 10 for evacuation
[2024-02-17T14:07:38.720+0100][40.344s] GC(7)   Pre Evacuate Collection Set: 0.1ms
[2024-02-17T14:07:38.720+0100][40.344s] GC(7)   Merge Heap Roots: 0.0ms
[2024-02-17T14:07:38.720+0100][40.344s] GC(7)   Evacuate Collection Set: 7.7ms
[2024-02-17T14:07:38.720+0100][40.344s] GC(7)   Post Evacuate Collection Set: 0.3ms
[2024-02-17T14:07:38.720+0100][40.344s] GC(7)   Other: 0.1ms
[2024-02-17T14:07:38.720+0100][40.344s] GC(7) Eden regions: 1->0(305)
[2024-02-17T14:07:38.720+0100][40.344s] GC(7) Survivor regions: 31->2(4)
[2024-02-17T14:07:38.720+0100][40.344s] GC(7) Old regions: 13->43
[2024-02-17T14:07:38.720+0100][40.344s] GC(7) Archive regions: 0->0
[2024-02-17T14:07:38.720+0100][40.344s] GC(7) Humongous regions: 4->4
[2024-02-17T14:07:38.720+0100][40.344s] GC(7) Metaspace: 60773K(61248K)->60773K(61248K) NonClass: 53581K(53824K)->53581K(53824K) Class: 7191K(7424K)->7191K(7424K)
[2024-02-17T14:07:38.720+0100][40.344s] GC(7) Pause Young (Mixed) (G1 Evacuation Pause) 48M->48M(512M) 8.315ms
[2024-02-17T14:07:38.720+0100][40.344s] GC(7) User=0.03s Sys=0.03s Real=0.01s
[2024-02-17T14:07:38.730+0100][40.354s] GC(8) Pause Young (Concurrent Start) (Metadata GC Threshold)
[2024-02-17T14:07:38.730+0100][40.354s] GC(8) Using 10 workers of 10 for evacuation
[2024-02-17T14:07:38.731+0100][40.355s] GC(8)   Pre Evacuate Collection Set: 0.1ms
[2024-02-17T14:07:38.731+0100][40.355s] GC(8)   Merge Heap Roots: 0.0ms
[2024-02-17T14:07:38.731+0100][40.355s] GC(8)   Evacuate Collection Set: 0.6ms
[2024-02-17T14:07:38.731+0100][40.355s] GC(8)   Post Evacuate Collection Set: 0.2ms
[2024-02-17T14:07:38.731+0100][40.355s] GC(8)   Other: 0.1ms
[2024-02-17T14:07:38.731+0100][40.355s] GC(8) Eden regions: 2->0(306)
[2024-02-17T14:07:38.731+0100][40.355s] GC(8) Survivor regions: 2->1(39)
[2024-02-17T14:07:38.731+0100][40.355s] GC(8) Old regions: 43->43
[2024-02-17T14:07:38.731+0100][40.355s] GC(8) Archive regions: 0->0
[2024-02-17T14:07:38.731+0100][40.355s] GC(8) Humongous regions: 4->4
[2024-02-17T14:07:38.731+0100][40.355s] GC(8) Metaspace: 60963K(61376K)->60963K(61376K) NonClass: 53740K(53952K)->53740K(53952K) Class: 7223K(7424K)->7223K(7424K)
[2024-02-17T14:07:38.731+0100][40.355s] GC(8) Pause Young (Concurrent Start) (Metadata GC Threshold) 50M->47M(512M) 1.026ms
[2024-02-17T14:07:38.731+0100][40.355s] GC(8) User=0.00s Sys=0.00s Real=0.00s
[2024-02-17T14:07:38.731+0100][40.355s] GC(9) Concurrent Mark Cycle
[2024-02-17T14:07:38.731+0100][40.355s] GC(9) Concurrent Clear Claimed Marks
[2024-02-17T14:07:38.731+0100][40.355s] GC(9) Concurrent Clear Claimed Marks 0.018ms
[2024-02-17T14:07:38.731+0100][40.355s] GC(9) Concurrent Scan Root Regions
[2024-02-17T14:07:38.731+0100][40.355s] GC(9) Concurrent Scan Root Regions 0.600ms
[2024-02-17T14:07:38.731+0100][40.355s] GC(9) Concurrent Mark
[2024-02-17T14:07:38.731+0100][40.355s] GC(9) Concurrent Mark From Roots
[2024-02-17T14:07:38.731+0100][40.355s] GC(9) Using 3 workers of 3 for marking
[2024-02-17T14:07:38.740+0100][40.364s] GC(9) Concurrent Mark From Roots 8.946ms
[2024-02-17T14:07:38.740+0100][40.364s] GC(9) Concurrent Preclean
[2024-02-17T14:07:38.740+0100][40.364s] GC(9) Concurrent Preclean 0.133ms
[2024-02-17T14:07:38.740+0100][40.365s] GC(9) Pause Remark
[2024-02-17T14:07:38.746+0100][40.370s] GC(9) Pause Remark 49M->49M(512M) 5.671ms
[2024-02-17T14:07:38.746+0100][40.370s] GC(9) User=0.03s Sys=0.02s Real=0.00s
[2024-02-17T14:07:38.746+0100][40.370s] GC(9) Concurrent Mark 14.979ms
[2024-02-17T14:07:38.746+0100][40.370s] GC(9) Concurrent Rebuild Remembered Sets
[2024-02-17T14:07:38.754+0100][40.378s] GC(9) Concurrent Rebuild Remembered Sets 7.178ms
[2024-02-17T14:07:38.754+0100][40.378s] GC(9) Pause Cleanup
[2024-02-17T14:07:38.754+0100][40.378s] GC(9) Pause Cleanup 50M->50M(512M) 0.141ms
[2024-02-17T14:07:38.754+0100][40.378s] GC(9) User=0.00s Sys=0.00s Real=0.00s
[2024-02-17T14:07:38.754+0100][40.378s] GC(9) Concurrent Cleanup for Next Mark
[2024-02-17T14:07:38.756+0100][40.380s] GC(9) Concurrent Cleanup for Next Mark 1.259ms
[2024-02-17T14:07:38.756+0100][40.380s] GC(9) Concurrent Mark Cycle 24.968ms
[2024-02-17T14:08:05.475+0100][67.099s] GC(10) Pause Young (Normal) (G1 Evacuation Pause)
[2024-02-17T14:08:05.475+0100][67.099s] GC(10) Using 10 workers of 10 for evacuation
[2024-02-17T14:08:05.517+0100][67.141s] GC(10)   Pre Evacuate Collection Set: 0.1ms
[2024-02-17T14:08:05.517+0100][67.141s] GC(10)   Merge Heap Roots: 0.1ms
[2024-02-17T14:08:05.517+0100][67.141s] GC(10)   Evacuate Collection Set: 40.1ms
[2024-02-17T14:08:05.517+0100][67.141s] GC(10)   Post Evacuate Collection Set: 1.0ms
[2024-02-17T14:08:05.517+0100][67.141s] GC(10)   Other: 0.1ms
[2024-02-17T14:08:05.517+0100][67.141s] GC(10) Eden regions: 306->0(284)
[2024-02-17T14:08:05.517+0100][67.141s] GC(10) Survivor regions: 1->23(39)
[2024-02-17T14:08:05.517+0100][67.141s] GC(10) Old regions: 43->43
[2024-02-17T14:08:05.517+0100][67.141s] GC(10) Archive regions: 0->0
[2024-02-17T14:08:05.517+0100][67.141s] GC(10) Humongous regions: 4->4
[2024-02-17T14:08:05.517+0100][67.141s] GC(10) Metaspace: 92061K(92672K)->92061K(92672K) NonClass: 81167K(81472K)->81167K(81472K) Class: 10894K(11200K)->10894K(11200K)
[2024-02-17T14:08:05.517+0100][67.141s] GC(10) Pause Young (Normal) (G1 Evacuation Pause) 353M->69M(512M) 41.589ms
[2024-02-17T14:08:05.517+0100][67.141s] GC(10) User=0.04s Sys=0.12s Real=0.04s
[2024-02-17T23:07:51.103+0100][19195.009s] GC(11) Pause Young (Normal) (G1 Evacuation Pause)
[2024-02-17T23:07:51.104+0100][19195.010s] GC(11) Using 10 workers of 10 for evacuation
[2024-02-17T23:07:51.207+0100][19195.113s] GC(11)   Pre Evacuate Collection Set: 0.8ms
[2024-02-17T23:07:51.207+0100][19195.113s] GC(11)   Merge Heap Roots: 0.5ms
[2024-02-17T23:07:51.207+0100][19195.113s] GC(11)   Evacuate Collection Set: 90.9ms
[2024-02-17T23:07:51.207+0100][19195.113s] GC(11)   Post Evacuate Collection Set: 10.2ms
[2024-02-17T23:07:51.207+0100][19195.113s] GC(11)   Other: 3.1ms
[2024-02-17T23:07:51.207+0100][19195.113s] GC(11) Eden regions: 284->0(301)
[2024-02-17T23:07:51.207+0100][19195.113s] GC(11) Survivor regions: 23->6(39)
[2024-02-17T23:07:51.207+0100][19195.113s] GC(11) Old regions: 43->64
[2024-02-17T23:07:51.207+0100][19195.113s] GC(11) Archive regions: 0->0
[2024-02-17T23:07:51.207+0100][19195.113s] GC(11) Humongous regions: 4->4
[2024-02-17T23:07:51.207+0100][19195.113s] GC(11) Metaspace: 94834K(95552K)->94834K(95552K) NonClass: 83632K(84032K)->83632K(84032K) Class: 11202K(11520K)->11202K(11520K)
[2024-02-17T23:07:51.207+0100][19195.113s] GC(11) Pause Young (Normal) (G1 Evacuation Pause) 353M->73M(512M) 104.770ms
[2024-02-17T23:07:51.207+0100][19195.113s] GC(11) User=0.09s Sys=0.29s Real=0.10s
[2024-02-19T11:30:30.354+0100][50591.905s] GC(12) Pause Young (Normal) (G1 Evacuation Pause)
[2024-02-19T11:30:30.355+0100][50591.905s] GC(12) Using 10 workers of 10 for evacuation
[2024-02-19T11:30:30.440+0100][50591.990s] GC(12)   Pre Evacuate Collection Set: 0.6ms
[2024-02-19T11:30:30.440+0100][50591.990s] GC(12)   Merge Heap Roots: 0.7ms
[2024-02-19T11:30:30.440+0100][50591.990s] GC(12)   Evacuate Collection Set: 59.7ms
[2024-02-19T11:30:30.440+0100][50591.990s] GC(12)   Post Evacuate Collection Set: 23.0ms
[2024-02-19T11:30:30.440+0100][50591.990s] GC(12)   Other: 3.1ms
[2024-02-19T11:30:30.440+0100][50591.990s] GC(12) Eden regions: 301->0(299)
[2024-02-19T11:30:30.440+0100][50591.990s] GC(12) Survivor regions: 6->8(39)
[2024-02-19T11:30:30.440+0100][50591.990s] GC(12) Old regions: 64->64
[2024-02-19T11:30:30.440+0100][50591.990s] GC(12) Archive regions: 0->0
[2024-02-19T11:30:30.440+0100][50591.990s] GC(12) Humongous regions: 4->4
[2024-02-19T11:30:30.440+0100][50591.990s] GC(12) Metaspace: 94839K(95552K)->94839K(95552K) NonClass: 83637K(84032K)->83637K(84032K) Class: 11202K(11520K)->11202K(11520K)
[2024-02-19T11:30:30.440+0100][50591.991s] GC(12) Pause Young (Normal) (G1 Evacuation Pause) 374M->74M(512M) 86.280ms
[2024-02-19T11:30:30.440+0100][50591.991s] GC(12) User=0.07s Sys=0.16s Real=0.09s
