[2024-02-17T12:38:50.692+0100][0.006s] Using G1
[2024-02-17T12:38:50.808+0100][0.122s] Version: 17.0.7+7 (release)
[2024-02-17T12:38:50.808+0100][0.122s] CPUs: 12 total, 12 available
[2024-02-17T12:38:50.808+0100][0.122s] Memory: 16384M
[2024-02-17T12:38:50.808+0100][0.122s] Large Page Support: Disabled
[2024-02-17T12:38:50.808+0100][0.122s] NUMA Support: Disabled
[2024-02-17T12:38:50.808+0100][0.122s] Compressed Oops: Enabled (Zero based)
[2024-02-17T12:38:50.808+0100][0.122s] Heap Region Size: 1M
[2024-02-17T12:38:50.808+0100][0.122s] Heap Min Capacity: 512M
[2024-02-17T12:38:50.808+0100][0.122s] Heap Initial Capacity: 512M
[2024-02-17T12:38:50.808+0100][0.122s] Heap Max Capacity: 512M
[2024-02-17T12:38:50.808+0100][0.122s] Pre-touch: Enabled
[2024-02-17T12:38:50.808+0100][0.122s] Parallel Workers: 10
[2024-02-17T12:38:50.808+0100][0.122s] Concurrent Workers: 3
[2024-02-17T12:38:50.808+0100][0.122s] Concurrent Refinement Workers: 10
[2024-02-17T12:38:50.808+0100][0.122s] Periodic GC: Disabled
[2024-02-17T12:38:50.808+0100][0.122s] CDS archive(s) not mapped
[2024-02-17T12:38:50.808+0100][0.122s] Compressed class space mapped at: 0x0000000800000000-0x0000000840000000, reserved size: 1073741824
[2024-02-17T12:38:50.808+0100][0.122s] Narrow klass base: 0x0000000800000000, Narrow klass shift: 0, Narrow klass range: 0x40000000
[2024-02-17T12:38:51.124+0100][0.439s] GC(0) Pause Young (Normal) (G1 Evacuation Pause)
[2024-02-17T12:38:51.125+0100][0.439s] GC(0) Using 10 workers of 10 for evacuation
[2024-02-17T12:38:51.127+0100][0.441s] GC(0)   Pre Evacuate Collection Set: 0.1ms
[2024-02-17T12:38:51.127+0100][0.441s] GC(0)   Merge Heap Roots: 0.1ms
[2024-02-17T12:38:51.127+0100][0.441s] GC(0)   Evacuate Collection Set: 1.8ms
[2024-02-17T12:38:51.127+0100][0.441s] GC(0)   Post Evacuate Collection Set: 0.2ms
[2024-02-17T12:38:51.127+0100][0.441s] GC(0)   Other: 0.4ms
[2024-02-17T12:38:51.127+0100][0.441s] GC(0) Eden regions: 29->0(40)
[2024-02-17T12:38:51.127+0100][0.441s] GC(0) Survivor regions: 0->4(4)
[2024-02-17T12:38:51.127+0100][0.441s] GC(0) Old regions: 0->1
[2024-02-17T12:38:51.127+0100][0.441s] GC(0) Archive regions: 0->0
[2024-02-17T12:38:51.127+0100][0.441s] GC(0) Humongous regions: 0->0
[2024-02-17T12:38:51.127+0100][0.441s] GC(0) Metaspace: 18065K(18304K)->18065K(18304K) NonClass: 16161K(16320K)->16161K(16320K) Class: 1904K(1984K)->1904K(1984K)
[2024-02-17T12:38:51.127+0100][0.441s] GC(0) Pause Young (Normal) (G1 Evacuation Pause) 29M->4M(512M) 2.697ms
[2024-02-17T12:38:51.127+0100][0.441s] GC(0) User=0.01s Sys=0.00s Real=0.00s
[2024-02-17T12:38:51.202+0100][0.516s] GC(1) Pause Young (Concurrent Start) (Metadata GC Threshold)
[2024-02-17T12:38:51.202+0100][0.516s] GC(1) Using 10 workers of 10 for evacuation
[2024-02-17T12:38:51.206+0100][0.520s] GC(1)   Pre Evacuate Collection Set: 0.1ms
[2024-02-17T12:38:51.206+0100][0.520s] GC(1)   Merge Heap Roots: 0.0ms
[2024-02-17T12:38:51.206+0100][0.520s] GC(1)   Evacuate Collection Set: 2.9ms
[2024-02-17T12:38:51.206+0100][0.520s] GC(1)   Post Evacuate Collection Set: 0.2ms
[2024-02-17T12:38:51.206+0100][0.520s] GC(1)   Other: 0.1ms
[2024-02-17T12:38:51.206+0100][0.520s] GC(1) Eden regions: 15->0(58)
[2024-02-17T12:38:51.206+0100][0.520s] GC(1) Survivor regions: 4->6(6)
[2024-02-17T12:38:51.206+0100][0.520s] GC(1) Old regions: 1->6
[2024-02-17T12:38:51.206+0100][0.520s] GC(1) Archive regions: 0->0
[2024-02-17T12:38:51.206+0100][0.520s] GC(1) Humongous regions: 4->4
[2024-02-17T12:38:51.206+0100][0.520s] GC(1) Metaspace: 21252K(21504K)->21252K(21504K) NonClass: 18946K(19072K)->18946K(19072K) Class: 2306K(2432K)->2306K(2432K)
[2024-02-17T12:38:51.206+0100][0.520s] GC(1) Pause Young (Concurrent Start) (Metadata GC Threshold) 22M->15M(512M) 3.384ms
[2024-02-17T12:38:51.206+0100][0.520s] GC(1) User=0.02s Sys=0.00s Real=0.00s
[2024-02-17T12:38:51.206+0100][0.520s] GC(2) Concurrent Mark Cycle
[2024-02-17T12:38:51.206+0100][0.520s] GC(2) Concurrent Clear Claimed Marks
[2024-02-17T12:38:51.206+0100][0.520s] GC(2) Concurrent Clear Claimed Marks 0.011ms
[2024-02-17T12:38:51.206+0100][0.520s] GC(2) Concurrent Scan Root Regions
[2024-02-17T12:38:51.207+0100][0.521s] GC(2) Concurrent Scan Root Regions 1.132ms
[2024-02-17T12:38:51.207+0100][0.521s] GC(2) Concurrent Mark
[2024-02-17T12:38:51.207+0100][0.521s] GC(2) Concurrent Mark From Roots
[2024-02-17T12:38:51.207+0100][0.521s] GC(2) Using 3 workers of 3 for marking
[2024-02-17T12:38:51.207+0100][0.521s] GC(2) Concurrent Mark From Roots 0.408ms
[2024-02-17T12:38:51.207+0100][0.521s] GC(2) Concurrent Preclean
[2024-02-17T12:38:51.207+0100][0.521s] GC(2) Concurrent Preclean 0.013ms
[2024-02-17T12:38:51.207+0100][0.521s] GC(2) Pause Remark
[2024-02-17T12:38:51.208+0100][0.522s] GC(2) Pause Remark 16M->16M(512M) 0.570ms
[2024-02-17T12:38:51.208+0100][0.522s] GC(2) User=0.00s Sys=0.00s Real=0.00s
[2024-02-17T12:38:51.208+0100][0.522s] GC(2) Concurrent Mark 1.099ms
[2024-02-17T12:38:51.208+0100][0.522s] GC(2) Concurrent Rebuild Remembered Sets
[2024-02-17T12:38:51.209+0100][0.523s] GC(2) Concurrent Rebuild Remembered Sets 1.078ms
[2024-02-17T12:38:51.209+0100][0.523s] GC(2) Pause Cleanup
[2024-02-17T12:38:51.209+0100][0.523s] GC(2) Pause Cleanup 16M->16M(512M) 0.075ms
[2024-02-17T12:38:51.209+0100][0.523s] GC(2) User=0.00s Sys=0.00s Real=0.00s
[2024-02-17T12:38:51.209+0100][0.523s] GC(2) Concurrent Cleanup for Next Mark
[2024-02-17T12:38:51.210+0100][0.524s] GC(2) Concurrent Cleanup for Next Mark 0.364ms
[2024-02-17T12:38:51.210+0100][0.524s] GC(2) Concurrent Mark Cycle 3.907ms
[2024-02-17T12:38:51.457+0100][0.771s] GC(3) Pause Young (Normal) (G1 Evacuation Pause)
[2024-02-17T12:38:51.457+0100][0.771s] GC(3) Using 10 workers of 10 for evacuation
[2024-02-17T12:38:51.460+0100][0.774s] GC(3)   Pre Evacuate Collection Set: 0.1ms
[2024-02-17T12:38:51.460+0100][0.774s] GC(3)   Merge Heap Roots: 0.0ms
[2024-02-17T12:38:51.460+0100][0.774s] GC(3)   Evacuate Collection Set: 1.9ms
[2024-02-17T12:38:51.460+0100][0.774s] GC(3)   Post Evacuate Collection Set: 0.2ms
[2024-02-17T12:38:51.460+0100][0.774s] GC(3)   Other: 0.1ms
[2024-02-17T12:38:51.460+0100][0.774s] GC(3) Eden regions: 58->0(109)
[2024-02-17T12:38:51.460+0100][0.774s] GC(3) Survivor regions: 6->8(8)
[2024-02-17T12:38:51.460+0100][0.774s] GC(3) Old regions: 6->13
[2024-02-17T12:38:51.460+0100][0.774s] GC(3) Archive regions: 0->0
[2024-02-17T12:38:51.460+0100][0.774s] GC(3) Humongous regions: 4->4
[2024-02-17T12:38:51.460+0100][0.774s] GC(3) Metaspace: 28061K(28352K)->28061K(28352K) NonClass: 24983K(25152K)->24983K(25152K) Class: 3077K(3200K)->3077K(3200K)
[2024-02-17T12:38:51.460+0100][0.774s] GC(3) Pause Young (Normal) (G1 Evacuation Pause) 73M->23M(512M) 2.353ms
[2024-02-17T12:38:51.460+0100][0.774s] GC(3) User=0.02s Sys=0.00s Real=0.01s
[2024-02-17T12:38:51.913+0100][1.227s] GC(4) Pause Young (Concurrent Start) (Metadata GC Threshold)
[2024-02-17T12:38:51.913+0100][1.227s] GC(4) Using 10 workers of 10 for evacuation
[2024-02-17T12:38:51.915+0100][1.229s] GC(4)   Pre Evacuate Collection Set: 0.1ms
[2024-02-17T12:38:51.915+0100][1.229s] GC(4)   Merge Heap Roots: 0.0ms
[2024-02-17T12:38:51.915+0100][1.229s] GC(4)   Evacuate Collection Set: 1.4ms
[2024-02-17T12:38:51.915+0100][1.229s] GC(4)   Post Evacuate Collection Set: 0.2ms
[2024-02-17T12:38:51.915+0100][1.229s] GC(4)   Other: 0.1ms
[2024-02-17T12:38:51.915+0100][1.229s] GC(4) Eden regions: 59->0(298)
[2024-02-17T12:38:51.915+0100][1.229s] GC(4) Survivor regions: 8->9(15)
[2024-02-17T12:38:51.915+0100][1.229s] GC(4) Old regions: 13->13
[2024-02-17T12:38:51.915+0100][1.229s] GC(4) Archive regions: 0->0
[2024-02-17T12:38:51.915+0100][1.229s] GC(4) Humongous regions: 4->4
[2024-02-17T12:38:51.915+0100][1.229s] GC(4) Metaspace: 35973K(36288K)->35973K(36288K) NonClass: 31890K(32064K)->31890K(32064K) Class: 4083K(4224K)->4083K(4224K)
[2024-02-17T12:38:51.915+0100][1.229s] GC(4) Pause Young (Concurrent Start) (Metadata GC Threshold) 82M->25M(512M) 1.910ms
[2024-02-17T12:38:51.915+0100][1.229s] GC(4) User=0.01s Sys=0.01s Real=0.00s
[2024-02-17T12:38:51.915+0100][1.229s] GC(5) Concurrent Mark Cycle
[2024-02-17T12:38:51.915+0100][1.229s] GC(5) Concurrent Clear Claimed Marks
[2024-02-17T12:38:51.915+0100][1.229s] GC(5) Concurrent Clear Claimed Marks 0.019ms
[2024-02-17T12:38:51.915+0100][1.229s] GC(5) Concurrent Scan Root Regions
[2024-02-17T12:38:51.915+0100][1.230s] GC(5) Concurrent Scan Root Regions 0.760ms
[2024-02-17T12:38:51.916+0100][1.230s] GC(5) Concurrent Mark
[2024-02-17T12:38:51.916+0100][1.230s] GC(5) Concurrent Mark From Roots
[2024-02-17T12:38:51.916+0100][1.230s] GC(5) Using 3 workers of 3 for marking
[2024-02-17T12:38:51.918+0100][1.232s] GC(5) Concurrent Mark From Roots 2.932ms
[2024-02-17T12:38:51.918+0100][1.233s] GC(5) Concurrent Preclean
[2024-02-17T12:38:51.918+0100][1.233s] GC(5) Concurrent Preclean 0.031ms
[2024-02-17T12:38:51.919+0100][1.233s] GC(5) Pause Remark
[2024-02-17T12:38:51.919+0100][1.233s] GC(5) Pause Remark 26M->26M(512M) 0.835ms
[2024-02-17T12:38:51.919+0100][1.233s] GC(5) User=0.01s Sys=0.00s Real=0.00s
[2024-02-17T12:38:51.919+0100][1.233s] GC(5) Concurrent Mark 3.901ms
[2024-02-17T12:38:51.919+0100][1.233s] GC(5) Concurrent Rebuild Remembered Sets
[2024-02-17T12:38:51.921+0100][1.235s] GC(5) Concurrent Rebuild Remembered Sets 1.996ms
[2024-02-17T12:38:51.922+0100][1.236s] GC(5) Pause Cleanup
[2024-02-17T12:38:51.922+0100][1.236s] GC(5) Pause Cleanup 27M->27M(512M) 0.068ms
[2024-02-17T12:38:51.922+0100][1.236s] GC(5) User=0.00s Sys=0.00s Real=0.00s
[2024-02-17T12:38:51.922+0100][1.236s] GC(5) Concurrent Cleanup for Next Mark
[2024-02-17T12:38:51.922+0100][1.236s] GC(5) Concurrent Cleanup for Next Mark 0.332ms
[2024-02-17T12:38:51.922+0100][1.236s] GC(5) Concurrent Mark Cycle 7.342ms
[2024-02-17T12:39:24.993+0100][34.307s] GC(6) Pause Young (Prepare Mixed) (Metadata GC Threshold)
[2024-02-17T12:39:24.993+0100][34.307s] GC(6) Using 10 workers of 10 for evacuation
[2024-02-17T12:39:24.999+0100][34.313s] GC(6)   Pre Evacuate Collection Set: 0.1ms
[2024-02-17T12:39:25.000+0100][34.314s] GC(6)   Merge Heap Roots: 0.1ms
[2024-02-17T12:39:25.000+0100][34.314s] GC(6)   Evacuate Collection Set: 5.4ms
[2024-02-17T12:39:25.000+0100][34.314s] GC(6)   Post Evacuate Collection Set: 0.5ms
[2024-02-17T12:39:25.000+0100][34.314s] GC(6)   Other: 0.1ms
[2024-02-17T12:39:25.000+0100][34.314s] GC(6) Eden regions: 169->0(2)
[2024-02-17T12:39:25.000+0100][34.314s] GC(6) Survivor regions: 9->23(39)
[2024-02-17T12:39:25.000+0100][34.314s] GC(6) Old regions: 13->13
[2024-02-17T12:39:25.000+0100][34.314s] GC(6) Archive regions: 0->0
[2024-02-17T12:39:25.000+0100][34.314s] GC(6) Humongous regions: 4->4
[2024-02-17T12:39:25.000+0100][34.314s] GC(6) Metaspace: 60522K(60928K)->60522K(60928K) NonClass: 53294K(53504K)->53294K(53504K) Class: 7227K(7424K)->7227K(7424K)
[2024-02-17T12:39:25.000+0100][34.314s] GC(6) Pause Young (Prepare Mixed) (Metadata GC Threshold) 193M->39M(512M) 7.096ms
[2024-02-17T12:39:25.000+0100][34.314s] GC(6) User=0.04s Sys=0.01s Real=0.01s
[2024-02-17T12:39:25.030+0100][34.344s] GC(7) Pause Young (Mixed) (Metadata GC Threshold)
[2024-02-17T12:39:25.030+0100][34.344s] GC(7) Using 10 workers of 10 for evacuation
[2024-02-17T12:39:25.054+0100][34.368s] GC(7)   Pre Evacuate Collection Set: 0.1ms
[2024-02-17T12:39:25.054+0100][34.368s] GC(7)   Merge Heap Roots: 0.0ms
[2024-02-17T12:39:25.054+0100][34.368s] GC(7)   Evacuate Collection Set: 23.7ms
[2024-02-17T12:39:25.054+0100][34.368s] GC(7)   Post Evacuate Collection Set: 0.5ms
[2024-02-17T12:39:25.055+0100][34.369s] GC(7)   Other: 0.2ms
[2024-02-17T12:39:25.055+0100][34.369s] GC(7) Eden regions: 2->0(304)
[2024-02-17T12:39:25.055+0100][34.369s] GC(7) Survivor regions: 23->3(4)
[2024-02-17T12:39:25.055+0100][34.369s] GC(7) Old regions: 13->35
[2024-02-17T12:39:25.055+0100][34.369s] GC(7) Archive regions: 0->0
[2024-02-17T12:39:25.055+0100][34.369s] GC(7) Humongous regions: 4->4
[2024-02-17T12:39:25.055+0100][34.369s] GC(7) Metaspace: 60731K(61248K)->60731K(61248K) NonClass: 53466K(53696K)->53466K(53696K) Class: 7264K(7552K)->7264K(7552K)
[2024-02-17T12:39:25.055+0100][34.369s] GC(7) Pause Young (Mixed) (Metadata GC Threshold) 41M->40M(512M) 25.103ms
[2024-02-17T12:39:25.055+0100][34.369s] GC(7) User=0.04s Sys=0.06s Real=0.02s
[2024-02-17T12:39:25.065+0100][34.379s] GC(8) Pause Young (Concurrent Start) (Metadata GC Threshold)
[2024-02-17T12:39:25.065+0100][34.379s] GC(8) Using 10 workers of 10 for evacuation
[2024-02-17T12:39:25.066+0100][34.380s] GC(8)   Pre Evacuate Collection Set: 0.1ms
[2024-02-17T12:39:25.066+0100][34.380s] GC(8)   Merge Heap Roots: 0.0ms
[2024-02-17T12:39:25.066+0100][34.380s] GC(8)   Evacuate Collection Set: 0.4ms
[2024-02-17T12:39:25.066+0100][34.380s] GC(8)   Post Evacuate Collection Set: 0.2ms
[2024-02-17T12:39:25.066+0100][34.380s] GC(8)   Other: 0.1ms
[2024-02-17T12:39:25.066+0100][34.380s] GC(8) Eden regions: 4->0(306)
[2024-02-17T12:39:25.066+0100][34.380s] GC(8) Survivor regions: 3->1(39)
[2024-02-17T12:39:25.066+0100][34.380s] GC(8) Old regions: 35->35
[2024-02-17T12:39:25.066+0100][34.380s] GC(8) Archive regions: 0->0
[2024-02-17T12:39:25.066+0100][34.380s] GC(8) Humongous regions: 4->4
[2024-02-17T12:39:25.066+0100][34.380s] GC(8) Metaspace: 61055K(61568K)->61055K(61568K) NonClass: 53727K(54016K)->53727K(54016K) Class: 7328K(7552K)->7328K(7552K)
[2024-02-17T12:39:25.066+0100][34.380s] GC(8) Pause Young (Concurrent Start) (Metadata GC Threshold) 44M->38M(512M) 0.804ms
[2024-02-17T12:39:25.066+0100][34.380s] GC(8) User=0.00s Sys=0.00s Real=0.00s
[2024-02-17T12:39:25.066+0100][34.380s] GC(9) Concurrent Mark Cycle
[2024-02-17T12:39:25.066+0100][34.380s] GC(9) Concurrent Clear Claimed Marks
[2024-02-17T12:39:25.066+0100][34.380s] GC(9) Concurrent Clear Claimed Marks 0.007ms
[2024-02-17T12:39:25.066+0100][34.380s] GC(9) Concurrent Scan Root Regions
[2024-02-17T12:39:25.066+0100][34.381s] GC(9) Concurrent Scan Root Regions 0.425ms
[2024-02-17T12:39:25.066+0100][34.381s] GC(9) Concurrent Mark
[2024-02-17T12:39:25.066+0100][34.381s] GC(9) Concurrent Mark From Roots
[2024-02-17T12:39:25.066+0100][34.381s] GC(9) Using 3 workers of 3 for marking
[2024-02-17T12:39:25.075+0100][34.389s] GC(9) Concurrent Mark From Roots 8.565ms
[2024-02-17T12:39:25.075+0100][34.389s] GC(9) Concurrent Preclean
[2024-02-17T12:39:25.075+0100][34.389s] GC(9) Concurrent Preclean 0.076ms
[2024-02-17T12:39:25.075+0100][34.389s] GC(9) Pause Remark
[2024-02-17T12:39:25.080+0100][34.394s] GC(9) Pause Remark 41M->41M(512M) 5.188ms
[2024-02-17T12:39:25.080+0100][34.394s] GC(9) User=0.03s Sys=0.01s Real=0.01s
[2024-02-17T12:39:25.080+0100][34.395s] GC(9) Concurrent Mark 14.026ms
[2024-02-17T12:39:25.080+0100][34.395s] GC(9) Concurrent Rebuild Remembered Sets
[2024-02-17T12:39:25.086+0100][34.400s] GC(9) Concurrent Rebuild Remembered Sets 5.237ms
[2024-02-17T12:39:25.086+0100][34.400s] GC(9) Pause Cleanup
[2024-02-17T12:39:25.086+0100][34.400s] GC(9) Pause Cleanup 42M->42M(512M) 0.087ms
[2024-02-17T12:39:25.086+0100][34.400s] GC(9) User=0.00s Sys=0.00s Real=0.00s
[2024-02-17T12:39:25.086+0100][34.400s] GC(9) Concurrent Cleanup for Next Mark
[2024-02-17T12:39:25.086+0100][34.400s] GC(9) Concurrent Cleanup for Next Mark 0.200ms
[2024-02-17T12:39:25.086+0100][34.400s] GC(9) Concurrent Mark Cycle 20.159ms
